node.exe : (node:8080) ExperimentalWarning: Support for loading ES Module in require() is an experimental feature and 
might change at any time
At C:\Program Files\nodejs\npx.ps1:29 char:3
+   & $NODE_EXE $NPX_CLI_JS $args
+   ~~~~~~~~~~~~~~~~~~~~~~~~~~~~~
    + CategoryInfo          : NotSpecified: ((node:8080) Exp...nge at any time:String) [], RemoteException
    + FullyQualifiedErrorId : NativeCommandError
 
(Use `node --trace-warnings ...` to show where the warning was created)
src/pages/Profile.tsx(140,50): error TS2304: Cannot find name 'Badge'.
src/pages/Profile.tsx(140,184): error TS2304: Cannot find name 'Badge'.
src/pages/Profile.tsx(278,50): error TS2304: Cannot find name 'MessagesSquare'.
src/pages/SharedWishlist.tsx(134,50): error TS2304: Cannot find name 'Badge'.
src/pages/SharedWishlist.tsx(136,51): error TS2304: Cannot find name 'Badge'.
src/supabaseClient.ts(3,33): error TS2339: Property 'env' does not exist on type 'ImportMeta'.
src/supabaseClient.ts(4,37): error TS2339: Property 'env' does not exist on type 'ImportMeta'.
